<?xml version="1.0" encoding="UTF-8"?>
<testsuites name="jest tests" tests="1" failures="0" errors="0" time="2.119">
  <testsuite name="undefined" errors="0" failures="0" skipped="0" timestamp="2024-07-30T09:08:43" time="0.953" tests="1">
    <testcase classname=" renders learn react link" name=" renders learn react link" time="0.075">
    </testcase>
  </testsuite>
</testsuites>